This is XeTeX, Version 3.141592653-2.6-0.999996 (MiKTeX 24.4) (preloaded format=xelatex 2024.11.14)  15 NOV 2024 15:20
entering extended mode
 restricted \write18 enabled.
 %&-line parsing enabled.
**./DMM_main.tex
(DMM_main.tex
LaTeX2e <2024-11-01>
L3 programming layer <2024-10-09>
(C:\Users\maxra\AppData\Local\Programs\MiKTeX\tex/latex/base\article.cls
Document Class: article 2024/06/29 v1.4n Standard LaTeX document class
(C:\Users\maxra\AppData\Local\Programs\MiKTeX\tex/latex/base\size12.clo
File: size12.clo 2024/06/29 v1.4n Standard LaTeX file (size option)
)
\c@part=\count192
\c@section=\count193
\c@subsection=\count194
\c@subsubsection=\count195
\c@paragraph=\count196
\c@subparagraph=\count197
\c@figure=\count198
\c@table=\count199
\abovecaptionskip=\skip49
\belowcaptionskip=\skip50
\bibindent=\dimen141
)

! LaTeX Error: File `C:/Users/97252/OneDrive - ac.sce.ac.il/Lab Doc/Latex_set_u
p/my_usepackage.tex' not found.

Type X to quit or <RETURN> to proceed,
or enter new name. (Default extension: tex)

Enter file name: 
! Emergency stop.
<read *> 
         
l.13 \input{\mysetup/my_usepackage.tex}
                                       ^^M
*** (cannot \read from terminal in nonstop modes)

 
Here is how much of TeX's memory you used:
 237 strings out of 408809
 2956 string characters out of 5748919
 384018 words of memory out of 5000000
 23207 multiletter control sequences out of 15000+600000
 558077 words of font info for 37 fonts, out of 8000000 for 9000
 1348 hyphenation exceptions out of 8191
 35i,0n,38p,142b,40s stack positions out of 10000i,1000n,20000p,200000b,200000s
No pages of output.
