This is XeTeX, Version 3.141592653-2.6-0.999993 (MiKTeX 21.2 32-bit) (preloaded format=xelatex 2021.2.21)  4 APR 2021 16:04
entering extended mode
**./GPS-3303.tex
(GPS-3303.tex
LaTeX2e <2020-10-01> patch level 4
L3 programming layer <2021-02-18> xparse <2020-03-03>
! Undefined control sequence.
l.1 \subsection
               {GPS-3303}
The control sequence at the end of the top line
of your error message was never \def'ed. If you have
misspelled it (e.g., `\hobx'), type `I' and the correct
spelling (e.g., `I\hbox'). Otherwise just continue,
and I'll forget about whatever was undefined.


! LaTeX Error: Missing \begin{document}.

See the LaTeX manual or LaTeX Companion for explanation.
Type  H <return>  for immediate help.
 ...                                              
                                                  
l.1 \subsection{G
                 PS-3303}
You're in trouble here.  Try typing  <return>  to proceed.
If that doesn't work, type  X <return>  to quit.

Missing character: There is no G in font nullfont!
Missing character: There is no P in font nullfont!
Missing character: There is no S in font nullfont!
Missing character: There is no - in font nullfont!
Missing character: There is no 3 in font nullfont!
Missing character: There is no 3 in font nullfont!
Missing character: There is no 0 in font nullfont!
Missing character: There is no 3 in font nullfont!

Overfull \hbox (20.0pt too wide) in paragraph at lines 1--2
[] 
 []


! LaTeX Error: Environment figure undefined.

See the LaTeX manual or LaTeX Companion for explanation.
Type  H <return>  for immediate help.
 ...                                              
                                                  
l.3 \begin{figure}
                  [h]
Your command was ignored.
Type  I <command> <return>  to replace it with another command,
or  <return>  to continue without it.


! LaTeX Error: Missing \begin{document}.

See the LaTeX manual or LaTeX Companion for explanation.
Type  H <return>  for immediate help.
 ...                                              
                                                  
l.3 \begin{figure}[
                   h]
You're in trouble here.  Try typing  <return>  to proceed.
If that doesn't work, type  X <return>  to quit.

Missing character: There is no [ in font nullfont!
Missing character: There is no h in font nullfont!
Missing character: There is no ] in font nullfont!
! Undefined control sequence.
l.5 ^^I\includegraphics
                       [width=0.7\linewidth]{../Figure/description}
The control sequence at the end of the top line
of your error message was never \def'ed. If you have
misspelled it (e.g., `\hobx'), type `I' and the correct
spelling (e.g., `I\hbox'). Otherwise just continue,
and I'll forget about whatever was undefined.

Missing character: There is no [ in font nullfont!
Missing character: There is no w in font nullfont!
Missing character: There is no i in font nullfont!
Missing character: There is no d in font nullfont!
Missing character: There is no t in font nullfont!
Missing character: There is no h in font nullfont!
Missing character: There is no = in font nullfont!
Missing character: There is no 0 in font nullfont!
Missing character: There is no . in font nullfont!
Missing character: There is no 7 in font nullfont!
! Missing number, treated as zero.
<to be read again> 
                   ]
l.5 ^^I\includegraphics[width=0.7\linewidth]
                                            {../Figure/description}
A number should have been here; I inserted `0'.
(If you can't figure out why I needed to see a number,
look up `weird error' in the index to The TeXbook.)

! Illegal unit of measure (pt inserted).
<to be read again> 
                   ]
l.5 ^^I\includegraphics[width=0.7\linewidth]
                                            {../Figure/description}
Dimensions can be in units of em, ex, in, pt, pc,
cm, mm, dd, cc, bp, or sp; but yours is a new one!
I'll assume that you meant to say pt, for printer's points.
To recover gracefully from this error, it's best to
delete the erroneous units; e.g., type `2' to delete
two letters. (See Chapter 27 of The TeXbook.)

Missing character: There is no ] in font nullfont!
Missing character: There is no . in font nullfont!
Missing character: There is no . in font nullfont!
Missing character: There is no / in font nullfont!
Missing character: There is no F in font nullfont!
Missing character: There is no i in font nullfont!
Missing character: There is no g in font nullfont!
Missing character: There is no u in font nullfont!
Missing character: There is no r in font nullfont!
Missing character: There is no e in font nullfont!
Missing character: There is no / in font nullfont!
Missing character: There is no d in font nullfont!
Missing character: There is no e in font nullfont!
Missing character: There is no s in font nullfont!
Missing character: There is no c in font nullfont!
Missing character: There is no r in font nullfont!
Missing character: There is no i in font nullfont!
Missing character: There is no p in font nullfont!
Missing character: There is no t in font nullfont!
Missing character: There is no i in font nullfont!
Missing character: There is no o in font nullfont!
Missing character: There is no n in font nullfont!

! LaTeX Error: \begin{document} ended by \end{figure}.

See the LaTeX manual or LaTeX Companion for explanation.
Type  H <return>  for immediate help.
 ...                                              
                                                  
l.8 \end{figure}
                
Your command was ignored.
Type  I <command> <return>  to replace it with another command,
or  <return>  to continue without it.


Overfull \hbox (20.0pt too wide) in paragraph at lines 3--9
[]
 []


! LaTeX Error: Missing \begin{document}.

See the LaTeX manual or LaTeX Companion for explanation.
Type  H <return>  for immediate help.
 ...                                              
                                                  
l.10 \begin{enumerate}
                      
You're in trouble here.  Try typing  <return>  to proceed.
If that doesn't work, type  X <return>  to quit.


Overfull \hbox (20.0pt too wide) in paragraph at lines 10--10
[] 
 []

Missing character: There is no כ in font nullfont!
Missing character: There is no פ in font nullfont!
Missing character: There is no ת in font nullfont!
Missing character: There is no ו in font nullfont!
Missing character: There is no ר in font nullfont!
Missing character: There is no ה in font nullfont!
Missing character: There is no פ in font nullfont!
Missing character: There is no ע in font nullfont!
Missing character: There is no ל in font nullfont!
Missing character: There is no ה in font nullfont!
Missing character: There is no . in font nullfont!
! Undefined control sequence.
<recently read> \te 
                    
l.15 ^^I\te
           {CH2,SLAVE}
The control sequence at the end of the top line
of your error message was never \def'ed. If you have
misspelled it (e.g., `\hobx'), type `I' and the correct
spelling (e.g., `I\hbox'). Otherwise just continue,
and I'll forget about whatever was undefined.

Missing character: There is no C in font nullfont!
Missing character: There is no H in font nullfont!
Missing character: There is no 2 in font nullfont!
Missing character: There is no , in font nullfont!
Missing character: There is no S in font nullfont!
Missing character: There is no L in font nullfont!
Missing character: There is no A in font nullfont!
Missing character: There is no V in font nullfont!
Missing character: There is no E in font nullfont!
Missing character: There is no מ in font nullfont!
Missing character: There is no נ in font nullfont!
Missing character: There is no ו in font nullfont!
Missing character: There is no ר in font nullfont!
Missing character: There is no ת in font nullfont!
Missing character: There is no ס in font nullfont!
Missing character: There is no י in font nullfont!
Missing character: There is no מ in font nullfont!
Missing character: There is no ו in font nullfont!
Missing character: There is no ן in font nullfont!
Missing character: There is no : in font nullfont!
Missing character: There is no י in font nullfont!
Missing character: There is no ר in font nullfont!
Missing character: There is no ו in font nullfont!
Missing character: There is no ק in font nullfont!
Missing character: There is no = in font nullfont!
Missing character: There is no מ in font nullfont!
Missing character: There is no ת in font nullfont!
Missing character: There is no ח in font nullfont!
Missing character: There is no ק in font nullfont!
Missing character: There is no ב in font nullfont!
Missing character: There is no ו in font nullfont!
Missing character: There is no ע in font nullfont!
Missing character: There is no . in font nullfont!
Missing character: There is no א in font nullfont!
Missing character: There is no ד in font nullfont!
Missing character: There is no ו in font nullfont!
Missing character: There is no ם in font nullfont!
Missing character: There is no = in font nullfont!
Missing character: There is no ז in font nullfont!
Missing character: There is no ר in font nullfont!
Missing character: There is no ם in font nullfont!
Missing character: There is no ק in font nullfont!
Missing character: There is no ב in font nullfont!
Missing character: There is no ו in font nullfont!
Missing character: There is no ע in font nullfont!
Missing character: There is no . in font nullfont!
! Undefined control sequence.
<recently read> \te 
                    
l.20 ^^I\te
           {CH2,SLAVE}
The control sequence at the end of the top line
of your error message was never \def'ed. If you have
misspelled it (e.g., `\hobx'), type `I' and the correct
spelling (e.g., `I\hbox'). Otherwise just continue,
and I'll forget about whatever was undefined.

Missing character: There is no C in font nullfont!
Missing character: There is no H in font nullfont!
Missing character: There is no 2 in font nullfont!
Missing character: There is no , in font nullfont!
Missing character: There is no S in font nullfont!
Missing character: There is no L in font nullfont!
Missing character: There is no A in font nullfont!
Missing character: There is no V in font nullfont!
Missing character: There is no E in font nullfont!
Missing character: There is no - in font nullfont!
Missing character: There is no מ in font nullfont!
Missing character: There is no ח in font nullfont!
Missing character: There is no ב in font nullfont!
Missing character: There is no ר in font nullfont!
Missing character: There is no י in font nullfont!
Missing character: There is no צ in font nullfont!
Missing character: There is no י in font nullfont!
Missing character: There is no א in font nullfont!
Missing character: There is no ה in font nullfont!
Missing character: There is no . in font nullfont!
! Undefined control sequence.
<recently read> \te 
                    
l.23 ^^I\te
           {CH2,SLAVE}
The control sequence at the end of the top line
of your error message was never \def'ed. If you have
misspelled it (e.g., `\hobx'), type `I' and the correct
spelling (e.g., `I\hbox'). Otherwise just continue,
and I'll forget about whatever was undefined.

Missing character: There is no C in font nullfont!
Missing character: There is no H in font nullfont!
Missing character: There is no 2 in font nullfont!
Missing character: There is no , in font nullfont!
Missing character: There is no S in font nullfont!
Missing character: There is no L in font nullfont!
Missing character: There is no A in font nullfont!
Missing character: There is no V in font nullfont!
Missing character: There is no E in font nullfont!
Missing character: There is no + in font nullfont!
Missing character: There is no מ in font nullfont!
Missing character: There is no ח in font nullfont!
Missing character: There is no ב in font nullfont!
Missing character: There is no ר in font nullfont!
Missing character: There is no י in font nullfont!
Missing character: There is no צ in font nullfont!
Missing character: There is no י in font nullfont!
Missing character: There is no א in font nullfont!
Missing character: There is no ה in font nullfont!
Missing character: There is no . in font nullfont!
! Undefined control sequence.
<recently read> \te 
                    
l.26 ^^I \te
            {GND}
The control sequence at the end of the top line
of your error message was never \def'ed. If you have
misspelled it (e.g., `\hobx'), type `I' and the correct
spelling (e.g., `I\hbox'). Otherwise just continue,
and I'll forget about whatever was undefined.

Missing character: There is no G in font nullfont!
Missing character: There is no N in font nullfont!
Missing character: There is no D in font nullfont!
Missing character: There is no מ in font nullfont!
Missing character: There is no ח in font nullfont!
Missing character: There is no ב in font nullfont!
Missing character: There is no ר in font nullfont!
Missing character: There is no י in font nullfont!
Missing character: There is no צ in font nullfont!
Missing character: There is no י in font nullfont!
Missing character: There is no א in font nullfont!
Missing character: There is no ת in font nullfont!
Missing character: There is no א in font nullfont!
Missing character: There is no ד in font nullfont!
Missing character: There is no מ in font nullfont!
Missing character: There is no ה in font nullfont!
Missing character: There is no . in font nullfont!
! Undefined control sequence.
<recently read> \te 
                    
l.29 ^^I \te
            {CH1,MASTER}
The control sequence at the end of the top line
of your error message was never \def'ed. If you have
misspelled it (e.g., `\hobx'), type `I' and the correct
spelling (e.g., `I\hbox'). Otherwise just continue,
and I'll forget about whatever was undefined.

Missing character: There is no C in font nullfont!
Missing character: There is no H in font nullfont!
Missing character: There is no 1 in font nullfont!
Missing character: There is no , in font nullfont!
Missing character: There is no M in font nullfont!
Missing character: There is no A in font nullfont!
Missing character: There is no S in font nullfont!
Missing character: There is no T in font nullfont!
Missing character: There is no E in font nullfont!
Missing character: There is no R in font nullfont!
Missing character: There is no - in font nullfont!
Missing character: There is no מ in font nullfont!
Missing character: There is no ח in font nullfont!
Missing character: There is no ב in font nullfont!
Missing character: There is no ר in font nullfont!
Missing character: There is no י in font nullfont!
Missing character: There is no צ in font nullfont!
Missing character: There is no י in font nullfont!
Missing character: There is no א in font nullfont!
Missing character: There is no ה in font nullfont!
Missing character: There is no . in font nullfont!
! Undefined control sequence.
<recently read> \te 
                    
l.32 ^^I \te
            {CH1,MASTER}
The control sequence at the end of the top line
of your error message was never \def'ed. If you have
misspelled it (e.g., `\hobx'), type `I' and the correct
spelling (e.g., `I\hbox'). Otherwise just continue,
and I'll forget about whatever was undefined.

Missing character: There is no C in font nullfont!
Missing character: There is no H in font nullfont!
Missing character: There is no 1 in font nullfont!
Missing character: There is no , in font nullfont!
Missing character: There is no M in font nullfont!
Missing character: There is no A in font nullfont!
Missing character: There is no S in font nullfont!
Missing character: There is no T in font nullfont!
Missing character: There is no E in font nullfont!
Missing character: There is no R in font nullfont!
Missing character: There is no + in font nullfont!
Missing character: There is no מ in font nullfont!
Missing character: There is no ח in font nullfont!
Missing character: There is no ב in font nullfont!
Missing character: There is no ר in font nullfont!
Missing character: There is no י in font nullfont!
Missing character: There is no צ in font nullfont!
Missing character: There is no י in font nullfont!
Missing character: There is no א in font nullfont!
Missing character: There is no ה in font nullfont!
Missing character: There is no . in font nullfont!
! Undefined control sequence.
<recently read> \te 
                    
l.35 ^^I\te
           {CH1,MASTER}
The control sequence at the end of the top line
of your error message was never \def'ed. If you have
misspelled it (e.g., `\hobx'), type `I' and the correct
spelling (e.g., `I\hbox'). Otherwise just continue,
and I'll forget about whatever was undefined.

Missing character: There is no C in font nullfont!
Missing character: There is no H in font nullfont!
Missing character: There is no 1 in font nullfont!
Missing character: There is no , in font nullfont!
Missing character: There is no M in font nullfont!
Missing character: There is no A in font nullfont!
Missing character: There is no S in font nullfont!
Missing character: There is no T in font nullfont!
Missing character: There is no E in font nullfont!
Missing character: There is no R in font nullfont!
Missing character: There is no מ in font nullfont!
Missing character: There is no נ in font nullfont!
Missing character: There is no ו in font nullfont!
Missing character: There is no ר in font nullfont!
Missing character: There is no ת in font nullfont!
Missing character: There is no ס in font nullfont!
Missing character: There is no י in font nullfont!
Missing character: There is no מ in font nullfont!
Missing character: There is no ו in font nullfont!
Missing character: There is no ן in font nullfont!
Missing character: There is no : in font nullfont!
Missing character: There is no י in font nullfont!
Missing character: There is no ר in font nullfont!
Missing character: There is no ו in font nullfont!
Missing character: There is no ק in font nullfont!
Missing character: There is no = in font nullfont!
Missing character: There is no מ in font nullfont!
Missing character: There is no ת in font nullfont!
Missing character: There is no ח in font nullfont!
Missing character: There is no ק in font nullfont!
Missing character: There is no ב in font nullfont!
Missing character: There is no ו in font nullfont!
Missing character: There is no ע in font nullfont!
Missing character: There is no . in font nullfont!
Missing character: There is no א in font nullfont!
Missing character: There is no ד in font nullfont!
Missing character: There is no ו in font nullfont!
Missing character: There is no ם in font nullfont!
Missing character: There is no = in font nullfont!
Missing character: There is no ז in font nullfont!
Missing character: There is no ר in font nullfont!
Missing character: There is no ם in font nullfont!
Missing character: There is no ק in font nullfont!
Missing character: There is no ב in font nullfont!
Missing character: There is no ו in font nullfont!
Missing character: There is no ע in font nullfont!
Missing character: There is no . in font nullfont!
! Undefined control sequence.
<recently read> \te 
                    
l.40 ^^I\te
           {CH3,CONST:$ \SI{5}{\volt} , \SI{3}{\ampere} $}
The control sequence at the end of the top line
of your error message was never \def'ed. If you have
misspelled it (e.g., `\hobx'), type `I' and the correct
spelling (e.g., `I\hbox'). Otherwise just continue,
and I'll forget about whatever was undefined.

Missing character: There is no C in font nullfont!
Missing character: There is no H in font nullfont!
Missing character: There is no 3 in font nullfont!
Missing character: There is no , in font nullfont!
Missing character: There is no C in font nullfont!
Missing character: There is no O in font nullfont!
Missing character: There is no N in font nullfont!
Missing character: There is no S in font nullfont!
Missing character: There is no T in font nullfont!
Missing character: There is no : in font nullfont!
LaTeX Font Info:    External font `cmex10' loaded for size
(Font)              <7> on input line 40.
LaTeX Font Info:    External font `cmex10' loaded for size
(Font)              <5> on input line 40.
! Undefined control sequence.
l.40 ^^I\te{CH3,CONST:$ \SI
                           {5}{\volt} , \SI{3}{\ampere} $}
The control sequence at the end of the top line
of your error message was never \def'ed. If you have
misspelled it (e.g., `\hobx'), type `I' and the correct
spelling (e.g., `I\hbox'). Otherwise just continue,
and I'll forget about whatever was undefined.

! Undefined control sequence.
l.40 ^^I\te{CH3,CONST:$ \SI{5}{\volt
                                    } , \SI{3}{\ampere} $}
The control sequence at the end of the top line
of your error message was never \def'ed. If you have
misspelled it (e.g., `\hobx'), type `I' and the correct
spelling (e.g., `I\hbox'). Otherwise just continue,
and I'll forget about whatever was undefined.

! Undefined control sequence.
l.40 ^^I\te{CH3,CONST:$ \SI{5}{\volt} , \SI
                                           {3}{\ampere} $}
The control sequence at the end of the top line
of your error message was never \def'ed. If you have
misspelled it (e.g., `\hobx'), type `I' and the correct
spelling (e.g., `I\hbox'). Otherwise just continue,
and I'll forget about whatever was undefined.

! Undefined control sequence.
l.40 ...CH3,CONST:$ \SI{5}{\volt} , \SI{3}{\ampere
                                                  } $}
The control sequence at the end of the top line
of your error message was never \def'ed. If you have
misspelled it (e.g., `\hobx'), type `I' and the correct
spelling (e.g., `I\hbox'). Otherwise just continue,
and I'll forget about whatever was undefined.

Missing character: There is no - in font nullfont!
Missing character: There is no מ in font nullfont!
Missing character: There is no ח in font nullfont!
Missing character: There is no ב in font nullfont!
Missing character: There is no ר in font nullfont!
Missing character: There is no י in font nullfont!
Missing character: There is no צ in font nullfont!
Missing character: There is no י in font nullfont!
Missing character: There is no א in font nullfont!
Missing character: There is no ה in font nullfont!
Missing character: There is no . in font nullfont!

Overfull \hbox (14.44444pt too wide) in paragraph at lines 40--43
\OT1/cmr/m/n/10 5[]\OML/cmm/m/it/10 ; \OT1/cmr/m/n/10 3[]$
 []

! Undefined control sequence.
<recently read> \te 
                    
l.43 ^^I\te
           {CH3,CONST:$ \SI{5}{\volt} , \SI{3}{\ampere} $}
The control sequence at the end of the top line
of your error message was never \def'ed. If you have
misspelled it (e.g., `\hobx'), type `I' and the correct
spelling (e.g., `I\hbox'). Otherwise just continue,
and I'll forget about whatever was undefined.

Missing character: There is no C in font nullfont!
Missing character: There is no H in font nullfont!
Missing character: There is no 3 in font nullfont!
Missing character: There is no , in font nullfont!
Missing character: There is no C in font nullfont!
Missing character: There is no O in font nullfont!
Missing character: There is no N in font nullfont!
Missing character: There is no S in font nullfont!
Missing character: There is no T in font nullfont!
Missing character: There is no : in font nullfont!
! Undefined control sequence.
l.43 ^^I\te{CH3,CONST:$ \SI
                           {5}{\volt} , \SI{3}{\ampere} $}
The control sequence at the end of the top line
of your error message was never \def'ed. If you have
misspelled it (e.g., `\hobx'), type `I' and the correct
spelling (e.g., `I\hbox'). Otherwise just continue,
and I'll forget about whatever was undefined.

! Undefined control sequence.
l.43 ^^I\te{CH3,CONST:$ \SI{5}{\volt
                                    } , \SI{3}{\ampere} $}
The control sequence at the end of the top line
of your error message was never \def'ed. If you have
misspelled it (e.g., `\hobx'), type `I' and the correct
spelling (e.g., `I\hbox'). Otherwise just continue,
and I'll forget about whatever was undefined.

! Undefined control sequence.
l.43 ^^I\te{CH3,CONST:$ \SI{5}{\volt} , \SI
                                           {3}{\ampere} $}
The control sequence at the end of the top line
of your error message was never \def'ed. If you have
misspelled it (e.g., `\hobx'), type `I' and the correct
spelling (e.g., `I\hbox'). Otherwise just continue,
and I'll forget about whatever was undefined.

! Undefined control sequence.
l.43 ...CH3,CONST:$ \SI{5}{\volt} , \SI{3}{\ampere
                                                  } $}
The control sequence at the end of the top line
of your error message was never \def'ed. If you have
misspelled it (e.g., `\hobx'), type `I' and the correct
spelling (e.g., `I\hbox'). Otherwise just continue,
and I'll forget about whatever was undefined.

Missing character: There is no + in font nullfont!
Missing character: There is no מ in font nullfont!
Missing character: There is no ח in font nullfont!
Missing character: There is no ב in font nullfont!
Missing character: There is no ר in font nullfont!
Missing character: There is no י in font nullfont!
Missing character: There is no צ in font nullfont!
Missing character: There is no י in font nullfont!
Missing character: There is no א in font nullfont!
Missing character: There is no ה in font nullfont!
Missing character: There is no . in font nullfont!

Overfull \hbox (14.44444pt too wide) in paragraph at lines 43--46
\OT1/cmr/m/n/10 5[]\OML/cmm/m/it/10 ; \OT1/cmr/m/n/10 3[]$
 []

! Undefined control sequence.
<recently read> \te 
                    
l.46 ^^I\te
           {CH3,CONST:$ \SI{5}{\volt} , \SI{3}{\ampere} $}
The control sequence at the end of the top line
of your error message was never \def'ed. If you have
misspelled it (e.g., `\hobx'), type `I' and the correct
spelling (e.g., `I\hbox'). Otherwise just continue,
and I'll forget about whatever was undefined.

Missing character: There is no C in font nullfont!
Missing character: There is no H in font nullfont!
Missing character: There is no 3 in font nullfont!
Missing character: There is no , in font nullfont!
Missing character: There is no C in font nullfont!
Missing character: There is no O in font nullfont!
Missing character: There is no N in font nullfont!
Missing character: There is no S in font nullfont!
Missing character: There is no T in font nullfont!
Missing character: There is no : in font nullfont!
! Undefined control sequence.
l.46 ^^I\te{CH3,CONST:$ \SI
                           {5}{\volt} , \SI{3}{\ampere} $}
The control sequence at the end of the top line
of your error message was never \def'ed. If you have
misspelled it (e.g., `\hobx'), type `I' and the correct
spelling (e.g., `I\hbox'). Otherwise just continue,
and I'll forget about whatever was undefined.

! Undefined control sequence.
l.46 ^^I\te{CH3,CONST:$ \SI{5}{\volt
                                    } , \SI{3}{\ampere} $}
The control sequence at the end of the top line
of your error message was never \def'ed. If you have
misspelled it (e.g., `\hobx'), type `I' and the correct
spelling (e.g., `I\hbox'). Otherwise just continue,
and I'll forget about whatever was undefined.

! Undefined control sequence.
l.46 ^^I\te{CH3,CONST:$ \SI{5}{\volt} , \SI
                                           {3}{\ampere} $}
The control sequence at the end of the top line
of your error message was never \def'ed. If you have
misspelled it (e.g., `\hobx'), type `I' and the correct
spelling (e.g., `I\hbox'). Otherwise just continue,
and I'll forget about whatever was undefined.

! Undefined control sequence.
l.46 ...CH3,CONST:$ \SI{5}{\volt} , \SI{3}{\ampere
                                                  } $}
The control sequence at the end of the top line
of your error message was never \def'ed. If you have
misspelled it (e.g., `\hobx'), type `I' and the correct
spelling (e.g., `I\hbox'). Otherwise just continue,
and I'll forget about whatever was undefined.

Missing character: There is no מ in font nullfont!
Missing character: There is no נ in font nullfont!
Missing character: There is no ו in font nullfont!
Missing character: There is no ר in font nullfont!
Missing character: There is no ת in font nullfont!
Missing character: There is no ס in font nullfont!
Missing character: There is no י in font nullfont!
Missing character: There is no מ in font nullfont!
Missing character: There is no ו in font nullfont!
Missing character: There is no ן in font nullfont!
Missing character: There is no ש in font nullfont!
Missing character: There is no ד in font nullfont!
Missing character: There is no ו in font nullfont!
Missing character: There is no ל in font nullfont!
Missing character: There is no ק in font nullfont!
Missing character: There is no . in font nullfont!

Overfull \hbox (14.44444pt too wide) in paragraph at lines 46--50
\OT1/cmr/m/n/10 5[]\OML/cmm/m/it/10 ; \OT1/cmr/m/n/10 3[]$
 []

Missing character: There is no ב in font nullfont!
Missing character: There is no ו in font nullfont!
Missing character: There is no ר in font nullfont!
Missing character: There is no ר in font nullfont!
Missing character: There is no ש in font nullfont!
Missing character: There is no ל in font nullfont!
! Undefined control sequence.
l.51 ^^Iבורר של \te
                   {CH1,MASTER} מתח.
The control sequence at the end of the top line
of your error message was never \def'ed. If you have
misspelled it (e.g., `\hobx'), type `I' and the correct
spelling (e.g., `I\hbox'). Otherwise just continue,
and I'll forget about whatever was undefined.

Missing character: There is no C in font nullfont!
Missing character: There is no H in font nullfont!
Missing character: There is no 1 in font nullfont!
Missing character: There is no , in font nullfont!
Missing character: There is no M in font nullfont!
Missing character: There is no A in font nullfont!
Missing character: There is no S in font nullfont!
Missing character: There is no T in font nullfont!
Missing character: There is no E in font nullfont!
Missing character: There is no R in font nullfont!
Missing character: There is no מ in font nullfont!
Missing character: There is no ת in font nullfont!
Missing character: There is no ח in font nullfont!
Missing character: There is no . in font nullfont!
Missing character: There is no צ in font nullfont!
Missing character: There is no ג in font nullfont!
Missing character: There is no מ in font nullfont!
Missing character: There is no ת in font nullfont!
Missing character: There is no ח in font nullfont!
Missing character: There is no , in font nullfont!
Missing character: There is no ז in font nullfont!
Missing character: There is no ר in font nullfont!
Missing character: There is no ם in font nullfont!
Missing character: There is no ש in font nullfont!
Missing character: There is no ל in font nullfont!
! Undefined control sequence.
l.53 ^^Iצג מתח,זרם של \te
                         {CH1,MASTER}
The control sequence at the end of the top line
of your error message was never \def'ed. If you have
misspelled it (e.g., `\hobx'), type `I' and the correct
spelling (e.g., `I\hbox'). Otherwise just continue,
and I'll forget about whatever was undefined.

Missing character: There is no C in font nullfont!
Missing character: There is no H in font nullfont!
Missing character: There is no 1 in font nullfont!
Missing character: There is no , in font nullfont!
Missing character: There is no M in font nullfont!
Missing character: There is no A in font nullfont!
Missing character: There is no S in font nullfont!
Missing character: There is no T in font nullfont!
Missing character: There is no E in font nullfont!
Missing character: There is no R in font nullfont!
Missing character: There is no ב in font nullfont!
Missing character: There is no ו in font nullfont!
Missing character: There is no ר in font nullfont!
Missing character: There is no ר in font nullfont!
Missing character: There is no ש in font nullfont!
Missing character: There is no ל in font nullfont!
! Undefined control sequence.
l.55 ^^Iבורר של \te
                   {CH1,MASTER} זרם.
The control sequence at the end of the top line
of your error message was never \def'ed. If you have
misspelled it (e.g., `\hobx'), type `I' and the correct
spelling (e.g., `I\hbox'). Otherwise just continue,
and I'll forget about whatever was undefined.

Missing character: There is no C in font nullfont!
Missing character: There is no H in font nullfont!
Missing character: There is no 1 in font nullfont!
Missing character: There is no , in font nullfont!
Missing character: There is no M in font nullfont!
Missing character: There is no A in font nullfont!
Missing character: There is no S in font nullfont!
Missing character: There is no T in font nullfont!
Missing character: There is no E in font nullfont!
Missing character: There is no R in font nullfont!
Missing character: There is no ז in font nullfont!
Missing character: There is no ר in font nullfont!
Missing character: There is no ם in font nullfont!
Missing character: There is no . in font nullfont!
Missing character: There is no . in font nullfont!
Missing character: There is no 2 in font nullfont!
Missing character: There is no 2 in font nullfont!
Missing character: There is no ש in font nullfont!
Missing character: There is no ל in font nullfont!
Missing character: There is no י in font nullfont!
Missing character: There is no ט in font nullfont!
Missing character: There is no ה in font nullfont!
Missing character: There is no ש in font nullfont!
Missing character: There is no ל in font nullfont!
Missing character: There is no ש in font nullfont!
Missing character: There is no ל in font nullfont!
Missing character: There is no ו in font nullfont!
Missing character: There is no ש in font nullfont!
Missing character: There is no ה in font nullfont!
Missing character: There is no מ in font nullfont!
Missing character: There is no צ in font nullfont!
Missing character: There is no ב in font nullfont!
Missing character: There is no י in font nullfont!
Missing character: There is no ם in font nullfont!
Missing character: There is no : in font nullfont!
Missing character: There is no מ in font nullfont!
Missing character: There is no צ in font nullfont!
Missing character: There is no ב in font nullfont!
Missing character: There is no ע in font nullfont!
Missing character: There is no צ in font nullfont!
Missing character: There is no מ in font nullfont!
Missing character: There is no י in font nullfont!
Missing character: There is no ( in font nullfont!
Missing character: There is no ש in font nullfont!
Missing character: There is no נ in font nullfont!
Missing character: There is no י in font nullfont!
Missing character: There is no ה in font nullfont!
Missing character: There is no כ in font nullfont!
Missing character: There is no פ in font nullfont!
Missing character: There is no ת in font nullfont!
Missing character: There is no ו in font nullfont!
Missing character: There is no ר in font nullfont!
Missing character: There is no י in font nullfont!
Missing character: There is no ם in font nullfont!
Missing character: There is no מ in font nullfont!
Missing character: There is no ש in font nullfont!
Missing character: There is no ו in font nullfont!
Missing character: There is no ח in font nullfont!
Missing character: There is no ר in font nullfont!
Missing character: There is no ר in font nullfont!
Missing character: There is no י in font nullfont!
Missing character: There is no ם in font nullfont!
Missing character: There is no ) in font nullfont!
Missing character: There is no . in font nullfont!
Missing character: There is no מ in font nullfont!
Missing character: There is no צ in font nullfont!
Missing character: There is no ב in font nullfont!
Missing character: There is no ט in font nullfont!
Missing character: There is no ו in font nullfont!
Missing character: There is no ר in font nullfont!
Missing character: There is no י in font nullfont!
Missing character: There is no ( in font nullfont!
Missing character: There is no ר in font nullfont!
Missing character: There is no ק in font nullfont!
Missing character: There is no כ in font nullfont!
Missing character: There is no פ in font nullfont!
Missing character: There is no ת in font nullfont!
Missing character: There is no ו in font nullfont!
Missing character: There is no ר in font nullfont!
Missing character: There is no ש in font nullfont!
Missing character: There is no מ in font nullfont!
Missing character: There is no א in font nullfont!
Missing character: There is no ל in font nullfont!
Missing character: There is no י in font nullfont!
Missing character: There is no ל in font nullfont!
Missing character: There is no ח in font nullfont!
Missing character: There is no ץ in font nullfont!
Missing character: There is no ) in font nullfont!
Missing character: There is no . in font nullfont!
Missing character: There is no מ in font nullfont!
Missing character: There is no צ in font nullfont!
Missing character: There is no ב in font nullfont!
Missing character: There is no מ in font nullfont!
Missing character: There is no ק in font nullfont!
Missing character: There is no ב in font nullfont!
Missing character: There is no י in font nullfont!
Missing character: There is no ל in font nullfont!
Missing character: There is no י in font nullfont!
Missing character: There is no ( in font nullfont!
Missing character: There is no ש in font nullfont!
Missing character: There is no נ in font nullfont!
Missing character: There is no י in font nullfont!
Missing character: There is no ה in font nullfont!
Missing character: There is no כ in font nullfont!
Missing character: There is no פ in font nullfont!
Missing character: There is no ת in font nullfont!
Missing character: There is no ו in font nullfont!
Missing character: There is no ר in font nullfont!
Missing character: There is no י in font nullfont!
Missing character: There is no ם in font nullfont!
Missing character: There is no ל in font nullfont!
Missing character: There is no ח in font nullfont!
Missing character: There is no ו in font nullfont!
Missing character: There is no צ in font nullfont!
Missing character: There is no י in font nullfont!
Missing character: There is no ם in font nullfont!
Missing character: There is no ) in font nullfont!
Missing character: There is no . in font nullfont!
Missing character: There is no צ in font nullfont!
Missing character: There is no ג in font nullfont!
Missing character: There is no מ in font nullfont!
Missing character: There is no ת in font nullfont!
Missing character: There is no ח in font nullfont!
Missing character: There is no , in font nullfont!
Missing character: There is no ז in font nullfont!
Missing character: There is no ר in font nullfont!
Missing character: There is no ם in font nullfont!
! Undefined control sequence.
l.64 ^^Iצג מתח,זרם \te
                      {CH2,SLAVE}.
The control sequence at the end of the top line
of your error message was never \def'ed. If you have
misspelled it (e.g., `\hobx'), type `I' and the correct
spelling (e.g., `I\hbox'). Otherwise just continue,
and I'll forget about whatever was undefined.

Missing character: There is no C in font nullfont!
Missing character: There is no H in font nullfont!
Missing character: There is no 2 in font nullfont!
Missing character: There is no , in font nullfont!
Missing character: There is no S in font nullfont!
Missing character: There is no L in font nullfont!
Missing character: There is no A in font nullfont!
Missing character: There is no V in font nullfont!
Missing character: There is no E in font nullfont!
Missing character: There is no . in font nullfont!
Missing character: There is no ב in font nullfont!
Missing character: There is no ו in font nullfont!
Missing character: There is no ר in font nullfont!
Missing character: There is no ר in font nullfont!
Missing character: There is no ש in font nullfont!
Missing character: There is no ל in font nullfont!
! Undefined control sequence.
l.67 ^^I^^Iבורר של \te
                      {CH2,SLAVE} מתח.
The control sequence at the end of the top line
of your error message was never \def'ed. If you have
misspelled it (e.g., `\hobx'), type `I' and the correct
spelling (e.g., `I\hbox'). Otherwise just continue,
and I'll forget about whatever was undefined.

Missing character: There is no C in font nullfont!
Missing character: There is no H in font nullfont!
Missing character: There is no 2 in font nullfont!
Missing character: There is no , in font nullfont!
Missing character: There is no S in font nullfont!
Missing character: There is no L in font nullfont!
Missing character: There is no A in font nullfont!
Missing character: There is no V in font nullfont!
Missing character: There is no E in font nullfont!
Missing character: There is no מ in font nullfont!
Missing character: There is no ת in font nullfont!
Missing character: There is no ח in font nullfont!
Missing character: There is no . in font nullfont!
Missing character: There is no ב in font nullfont!
Missing character: There is no ו in font nullfont!
Missing character: There is no ר in font nullfont!
Missing character: There is no ר in font nullfont!
Missing character: There is no ש in font nullfont!
Missing character: There is no ל in font nullfont!
! Undefined control sequence.
l.70 ^^I^^Iבורר של \te
                      {CH2,SLAVE} זרם.
The control sequence at the end of the top line
of your error message was never \def'ed. If you have
misspelled it (e.g., `\hobx'), type `I' and the correct
spelling (e.g., `I\hbox'). Otherwise just continue,
and I'll forget about whatever was undefined.

Missing character: There is no C in font nullfont!
Missing character: There is no H in font nullfont!
Missing character: There is no 2 in font nullfont!
Missing character: There is no , in font nullfont!
Missing character: There is no S in font nullfont!
Missing character: There is no L in font nullfont!
Missing character: There is no A in font nullfont!
Missing character: There is no V in font nullfont!
Missing character: There is no E in font nullfont!
Missing character: There is no ז in font nullfont!
Missing character: There is no ר in font nullfont!
Missing character: There is no ם in font nullfont!
Missing character: There is no . in font nullfont!

! LaTeX Error: Environment hebrew undefined.

See the LaTeX manual or LaTeX Companion for explanation.
Type  H <return>  for immediate help.
 ...                                              
                                                  
l.72 ^^I ^^I^^I^^I\begin{hebrew}
                                
Your command was ignored.
Type  I <command> <return>  to replace it with another command,
or  <return>  to continue without it.

Missing character: There is no ל in font nullfont!
Missing character: There is no פ in font nullfont!
Missing character: There is no י in font nullfont!
Missing character: There is no ר in font nullfont!
Missing character: There is no ו in font nullfont!
Missing character: There is no ט in font nullfont!
Missing character: There is no נ in font nullfont!
Missing character: There is no ו in font nullfont!
Missing character: There is no ס in font nullfont!
Missing character: There is no ף in font nullfont!
Missing character: There is no א in font nullfont!
Missing character: There is no פ in font nullfont!
Missing character: There is no ש in font nullfont!
Missing character: There is no ר in font nullfont!
Missing character: There is no ל in font nullfont!
Missing character: There is no פ in font nullfont!
Missing character: There is no נ in font nullfont!
Missing character: There is no ו in font nullfont!
Missing character: There is no ת in font nullfont!
Missing character: There is no ל in font nullfont!
Missing character: There is no : in font nullfont!
! Undefined control sequence.
l.74 ^^I ^^I\href
                 {https://www.manualslib.com/manual/811590/Gw-Instek-Gps-230...
The control sequence at the end of the top line
of your error message was never \def'ed. If you have
misspelled it (e.g., `\hobx'), type `I' and the correct
spelling (e.g., `I\hbox'). Otherwise just continue,
and I'll forget about whatever was undefined.

Missing character: There is no h in font nullfont!
Missing character: There is no t in font nullfont!
Missing character: There is no t in font nullfont!
Missing character: There is no p in font nullfont!
Missing character: There is no s in font nullfont!
Missing character: There is no : in font nullfont!
Missing character: There is no / in font nullfont!
Missing character: There is no / in font nullfont!
Missing character: There is no w in font nullfont!
Missing character: There is no w in font nullfont!
Missing character: There is no w in font nullfont!
Missing character: There is no . in font nullfont!
Missing character: There is no m in font nullfont!
Missing character: There is no a in font nullfont!
Missing character: There is no n in font nullfont!
Missing character: There is no u in font nullfont!
Missing character: There is no a in font nullfont!
Missing character: There is no l in font nullfont!
Missing character: There is no s in font nullfont!
Missing character: There is no l in font nullfont!
Missing character: There is no i in font nullfont!
Missing character: There is no b in font nullfont!
Missing character: There is no . in font nullfont!
Missing character: There is no c in font nullfont!
Missing character: There is no o in font nullfont!
Missing character: There is no m in font nullfont!
Missing character: There is no / in font nullfont!
Missing character: There is no m in font nullfont!
Missing character: There is no a in font nullfont!
Missing character: There is no n in font nullfont!
Missing character: There is no u in font nullfont!
Missing character: There is no a in font nullfont!
Missing character: There is no l in font nullfont!
Missing character: There is no / in font nullfont!
Missing character: There is no 8 in font nullfont!
Missing character: There is no 1 in font nullfont!
Missing character: There is no 1 in font nullfont!
Missing character: There is no 5 in font nullfont!
Missing character: There is no 9 in font nullfont!
Missing character: There is no 0 in font nullfont!
Missing character: There is no / in font nullfont!
Missing character: There is no G in font nullfont!
Missing character: There is no w in font nullfont!
Missing character: There is no - in font nullfont!
Missing character: There is no I in font nullfont!
Missing character: There is no n in font nullfont!
Missing character: There is no s in font nullfont!
Missing character: There is no t in font nullfont!
Missing character: There is no e in font nullfont!
Missing character: There is no k in font nullfont!
Missing character: There is no - in font nullfont!
Missing character: There is no G in font nullfont!
Missing character: There is no p in font nullfont!
Missing character: There is no s in font nullfont!
Missing character: There is no - in font nullfont!
Missing character: There is no 2 in font nullfont!
Missing character: There is no 3 in font nullfont!
Missing character: There is no 0 in font nullfont!
Missing character: There is no 3 in font nullfont!
Missing character: There is no . in font nullfont!
Missing character: There is no h in font nullfont!
Missing character: There is no t in font nullfont!
Missing character: There is no m in font nullfont!
Missing character: There is no l in font nullfont!
Missing character: There is no ? in font nullfont!
Missing character: There is no p in font nullfont!
Missing character: There is no a in font nullfont!
Missing character: There is no g in font nullfont!
Missing character: There is no e in font nullfont!
Missing character: There is no = in font nullfont!
Missing character: There is no 9 in font nullfont!
! You can't use `macro parameter character #' in horizontal mode.
l.74 ...ual/811590/Gw-Instek-Gps-2303.html?page=9#
                                                  manual}{\te{User Manual}}
Sorry, but I'm not programmed to handle this case;
I'll just pretend that you didn't ask for it.
If you're in the wrong mode, you might be able to
return to the right one by typing `I}' or `I$' or `I\par'.

Missing character: There is no m in font nullfont!
Missing character: There is no a in font nullfont!
Missing character: There is no n in font nullfont!
Missing character: There is no u in font nullfont!
Missing character: There is no a in font nullfont!
Missing character: There is no l in font nullfont!
! Undefined control sequence.
l.74 ...Gw-Instek-Gps-2303.html?page=9#manual}{\te
                                                  {User Manual}}
The control sequence at the end of the top line
of your error message was never \def'ed. If you have
misspelled it (e.g., `\hobx'), type `I' and the correct
spelling (e.g., `I\hbox'). Otherwise just continue,
and I'll forget about whatever was undefined.

Missing character: There is no U in font nullfont!
Missing character: There is no s in font nullfont!
Missing character: There is no e in font nullfont!
Missing character: There is no r in font nullfont!
Missing character: There is no M in font nullfont!
Missing character: There is no a in font nullfont!
Missing character: There is no n in font nullfont!
Missing character: There is no u in font nullfont!
Missing character: There is no a in font nullfont!
Missing character: There is no l in font nullfont!

! LaTeX Error: \begin{enumerate} on input line 10 ended by \end{hebrew}.

See the LaTeX manual or LaTeX Companion for explanation.
Type  H <return>  for immediate help.
 ...                                              
                                                  
l.75 ^^I \end{hebrew}
                     
Your command was ignored.
Type  I <command> <return>  to replace it with another command,
or  <return>  to continue without it.

)
! Emergency stop.
<*> ./GPS-3303.tex
                  
*** (job aborted, no legal \end found)

 
Here is how much of TeX's memory you used:
 23 strings out of 411700
 373 string characters out of 2838275
 294527 words of memory out of 3000000
 20113 multiletter control sequences out of 15000+200000
 403430 words of font info for 27 fonts, out of 3000000 for 9000
 1348 hyphenation exceptions out of 8191
 18i,2n,15p,123b,116s stack positions out of 5000i,500n,10000p,200000b,50000s
No pages of output.
